// Jest Snapshot v1, https://goo.gl/fbAQLP

exports[`TaskItem should match snapshot 1`] = `
<Provider
  store={
    Object {
      "clearActions": [Function],
      "dispatch": [Function],
      "getActions": [Function],
      "getState": [Function],
      "replaceReducer": [Function],
      "subscribe": [Function],
    }
  }
>
  <Connect(TaskItem)
    done={false}
    title="nueva tarea"
  >
    <TaskItem
      done={false}
      onClick={[Function]}
      title="nueva tarea"
    >
      <div
        className="task"
      >
        <h2>
          nueva tarea
        </h2>
        <p>
          por completar
        </p>
        <button
          data-testid="complete-task"
          onClick={[Function]}
          type="button"
        >
          Completar
        </button>
      </div>
    </TaskItem>
  </Connect(TaskItem)>
</Provider>
`;
